// Jest Snapshot v1, https://goo.gl/fbAQLP

exports[`BaseCard renders component 1`] = `
<div
  class="card"
>
  <!---->
   
  <div
    class="card-body"
  />
</div>
`;
