// Jest Snapshot v1, https://goo.gl/fbAQLP

exports[`BaseNumberControlInput renders component 1`] = `
<div
  class="control number"
>
  <button
    class="decrement-button"
  >
    âˆ’
  </button>
   
  <button
    class="increment-button"
  >
    +
  </button>
   
  <label
    class="label"
    for="number-control"
  >
    
  </label>
   
  <div
    class="input-icons"
  >
    <svg
      class="icon icon"
      viewBox="0 0 256 512"
      xmlns="http://www.w3.org/2000/svg"
    >
      <path
        d="M224.3 273l-136 136c-9.4 9.4-24.6 9.4-33.9 0l-22.6-22.6c-9.4-9.4-9.4-24.6 0-33.9l96.4-96.4-96.4-96.4c-9.4-9.4-9.4-24.6 0-33.9L54.3 103c9.4-9.4 24.6-9.4 33.9 0l136 136c9.5 9.4 9.5 24.6.1 34z"
        fill="#000"
        opacity="1"
      />
    </svg>
     
    <input
      class="input-field"
      id="number-control"
      max="Infinity"
      min="-Infinity"
      step="0"
      type="number"
    />
  </div>
</div>
`;
